2026-09-08 22:17:52.716 INFO  c.k.k.c.l.logback.LogbackConfigurator    - Logback default configuration initialized from: /Applications/Katalon Studio.app/Contents/Eclipse/configuration/org.eclipse.osgi/150/0/.cp/resources/logback/logback-execution.xml
2026-09-08 22:17:52.717 INFO  c.k.k.c.l.logback.LogbackConfigurator    - Logback custom configuration initialized from: /Users/bahtiar/git/katalon-ifg-test/Include/config/log.properties
2026-09-08 22:17:52.901 INFO  c.k.katalon.core.main.TestSuiteExecutor  - START Test Suites/TS_001
2026-09-08 22:17:52.924 INFO  c.k.katalon.core.main.TestSuiteExecutor  - userFullName = TIAR
2026-09-08 22:17:52.924 INFO  c.k.katalon.core.main.TestSuiteExecutor  - projectName = katalon-ifg-test
2026-09-08 22:17:52.924 INFO  c.k.katalon.core.main.TestSuiteExecutor  - hostName = bahtiar - localhost
2026-09-08 22:17:52.924 INFO  c.k.katalon.core.main.TestSuiteExecutor  - os = Mac OS X 64bit
2026-09-08 22:17:52.925 INFO  c.k.katalon.core.main.TestSuiteExecutor  - hostAddress = 127.0.0.1
2026-09-08 22:17:52.925 INFO  c.k.katalon.core.main.TestSuiteExecutor  - katalonVersion = 11.1.1.0
2026-09-08 22:17:52.954 INFO  c.k.katalon.core.main.TestCaseExecutor   - --------------------
2026-09-08 22:17:52.955 INFO  c.k.katalon.core.main.TestCaseExecutor   - START Test Cases/TC02_Consumer_GetPost
2026-09-08 22:17:53.046 DEBUG testcase.TC02_Consumer_GetPost           - 1: request = sendRequest(findTestObject("Object Repository/API-002"))
2026-09-08 22:17:53.546 INFO  c.k.k.core.webservice.common.HarLogger   - HAR: /Users/bahtiar/git/katalon-ifg-test/Reports/20260908_221750/TS_001/20260908_221750/requests/main/API-002_0.har
2026-09-08 22:17:53.548 INFO  c.k.k.core.webservice.common.HarLogger   - cURL Command:
curl \
  --location \
  'https://jsonplaceholder.typicode.com//posts'
2026-09-08 22:17:53.572 DEBUG testcase.TC02_Consumer_GetPost           - 2: verifyResponseStatusCode(request, 200)
2026-09-08 22:17:53.579 INFO  c.k.katalon.core.main.TestCaseExecutor   - END Test Cases/TC02_Consumer_GetPost
2026-09-08 22:17:53.581 INFO  c.k.katalon.core.main.TestCaseExecutor   - --------------------
2026-09-08 22:17:53.581 INFO  c.k.katalon.core.main.TestCaseExecutor   - START Test Cases/TC01_Producer_CreatePost
2026-09-08 22:17:53.595 DEBUG testcase.TC01_Producer_CreatePost        - 1: request = sendRequest(findTestObject("Object Repository/API-001"))
2026-09-08 22:17:54.149 INFO  c.k.k.core.webservice.common.HarLogger   - HAR: /Users/bahtiar/git/katalon-ifg-test/Reports/20260908_221750/TS_001/20260908_221750/requests/main/API-001_1.har
2026-09-08 22:17:54.151 INFO  c.k.k.core.webservice.common.HarLogger   - cURL Command:
curl \
  --location \
  --request POST \
  'https://jsonplaceholder.typicode.com//posts'
2026-09-08 22:17:54.156 DEBUG testcase.TC01_Producer_CreatePost        - 2: verifyResponseStatusCode(request, 201)
2026-09-08 22:17:54.162 INFO  c.k.katalon.core.main.TestCaseExecutor   - END Test Cases/TC01_Producer_CreatePost
2026-09-08 22:17:54.186 INFO  c.k.katalon.core.main.TestSuiteExecutor  - --------------------
2026-09-08 22:17:54.186 INFO  c.k.katalon.core.main.TestSuiteExecutor  - END Test Suites/TS_001
2026-09-08 22:17:54.186 INFO  c.k.katalon.core.main.TestSuiteExecutor  - ====================
