<?xml version="1.0" encoding="UTF-8" standalone="no"?>
<!DOCTYPE log SYSTEM "logger.dtd">
<log>
<record>
  <date>2026-09-08T15:17:52.918994Z</date>
  <millis>1788880672918</millis>
  <nanos>994000</nanos>
  <sequence>0</sequence>
  <level>START</level>
  <class>com.kms.katalon.core.logging.XmlKeywordLogger</class>
  <method>startSuite</method>
  <thread>1</thread>
  <message>Start Test Suite : Test Suites/TS_001</message>
  <nestedLevel>0</nestedLevel>
  <escapedJava>false</escapedJava>
  <property name="rerunTestFailImmediately">false</property>
  <property name="retryCount">0</property>
  <property name="name">TS_001</property>
  <property name="description"></property>
  <property name="id">Test Suites/TS_001</property>
</record>
<record>
  <date>2026-09-08T15:17:52.924233Z</date>
  <millis>1788880672924</millis>
  <nanos>233000</nanos>
  <sequence>1</sequence>
  <level>RUN_DATA</level>
  <class>com.kms.katalon.core.logging.XmlKeywordLogger</class>
  <method>logMessage</method>
  <thread>1</thread>
  <message>userFullName = TIAR</message>
  <nestedLevel>0</nestedLevel>
  <escapedJava>false</escapedJava>
  <property name="userFullName">TIAR</property>
</record>
<record>
  <date>2026-09-08T15:17:52.924454Z</date>
  <millis>1788880672924</millis>
  <nanos>454000</nanos>
  <sequence>2</sequence>
  <level>RUN_DATA</level>
  <class>com.kms.katalon.core.logging.XmlKeywordLogger</class>
  <method>logMessage</method>
  <thread>1</thread>
  <message>projectName = katalon-ifg-test</message>
  <nestedLevel>0</nestedLevel>
  <escapedJava>false</escapedJava>
  <property name="projectName">katalon-ifg-test</property>
</record>
<record>
  <date>2026-09-08T15:17:52.924647Z</date>
  <millis>1788880672924</millis>
  <nanos>647000</nanos>
  <sequence>3</sequence>
  <level>RUN_DATA</level>
  <class>com.kms.katalon.core.logging.XmlKeywordLogger</class>
  <method>logMessage</method>
  <thread>1</thread>
  <message>hostName = bahtiar - localhost</message>
  <nestedLevel>0</nestedLevel>
  <escapedJava>false</escapedJava>
  <property name="hostName">bahtiar - localhost</property>
</record>
<record>
  <date>2026-09-08T15:17:52.924933Z</date>
  <millis>1788880672924</millis>
  <nanos>933000</nanos>
  <sequence>4</sequence>
  <level>RUN_DATA</level>
  <class>com.kms.katalon.core.logging.XmlKeywordLogger</class>
  <method>logMessage</method>
  <thread>1</thread>
  <message>os = Mac OS X 64bit</message>
  <nestedLevel>0</nestedLevel>
  <escapedJava>false</escapedJava>
  <property name="os">Mac OS X 64bit</property>
</record>
<record>
  <date>2026-09-08T15:17:52.925113Z</date>
  <millis>1788880672925</millis>
  <nanos>113000</nanos>
  <sequence>5</sequence>
  <level>RUN_DATA</level>
  <class>com.kms.katalon.core.logging.XmlKeywordLogger</class>
  <method>logMessage</method>
  <thread>1</thread>
  <message>hostAddress = 127.0.0.1</message>
  <nestedLevel>0</nestedLevel>
  <escapedJava>false</escapedJava>
  <property name="hostAddress">127.0.0.1</property>
</record>
<record>
  <date>2026-09-08T15:17:52.925329Z</date>
  <millis>1788880672925</millis>
  <nanos>329000</nanos>
  <sequence>6</sequence>
  <level>RUN_DATA</level>
  <class>com.kms.katalon.core.logging.XmlKeywordLogger</class>
  <method>logMessage</method>
  <thread>1</thread>
  <message>katalonVersion = 11.1.1.0</message>
  <nestedLevel>0</nestedLevel>
  <escapedJava>false</escapedJava>
  <property name="katalonVersion">11.1.1.0</property>
</record>
<record>
  <date>2026-09-08T15:17:52.955112Z</date>
  <millis>1788880672955</millis>
  <nanos>112000</nanos>
  <sequence>7</sequence>
  <level>START</level>
  <class>com.kms.katalon.core.logging.XmlKeywordLogger</class>
  <method>startTest</method>
  <thread>1</thread>
  <message>Start Test Case : Test Cases/TC02_Consumer_GetPost</message>
  <nestedLevel>1</nestedLevel>
  <escapedJava>false</escapedJava>
  <property name="origin"></property>
  <property name="name">Test Cases/TC02_Consumer_GetPost</property>
  <property name="description"></property>
  <property name="iteration"></property>
  <property name="id">Test Cases/TC02_Consumer_GetPost</property>
  <property name="source">\Users\bahtiar\git\katalon-ifg-test\Test Cases\TC02_Consumer_GetPost.tc</property>
  <property name="tag"></property>
  <property name="isOptional">false</property>
  <property name="uuid">913c2631-bc00-4ee4-8a64-c55b4030c978</property>
</record>
<record>
  <date>2026-09-08T15:17:52.964982Z</date>
  <millis>1788880672964</millis>
  <nanos>982000</nanos>
  <sequence>9</sequence>
  <level>RUN_DATA</level>
  <class>com.kms.katalon.core.logging.XmlKeywordLogger</class>
  <method>logMessage</method>
  <thread>1</thread>
  <message>executionBindingVariables = []</message>
  <nestedLevel>1</nestedLevel>
  <escapedJava>false</escapedJava>
  <property name="executionBindingVariables">[]</property>
</record>
<record>
  <date>2026-09-08T15:17:53.047048Z</date>
  <millis>1788880673047</millis>
  <nanos>48000</nanos>
  <sequence>10</sequence>
  <level>START</level>
  <class>com.kms.katalon.core.logging.XmlKeywordLogger</class>
  <method>startKeyword</method>
  <thread>1</thread>
  <message>Start action : request = sendRequest(findTestObject(&amp;quot;Object Repository/API-002&amp;quot;))</message>
  <nestedLevel>1</nestedLevel>
  <escapedJava>false</escapedJava>
  <property name="startLine">20</property>
  <property name="stepIndex">1</property>
</record>
<record>
  <date>2026-09-08T15:17:53.546955Z</date>
  <millis>1788880673546</millis>
  <nanos>955000</nanos>
  <sequence>14</sequence>
  <level>INFO</level>
  <class>com.kms.katalon.core.logging.XmlKeywordLogger</class>
  <method>logMessage</method>
  <thread>1</thread>
  <message>HAR: /Users/bahtiar/git/katalon-ifg-test/Reports/20260908_221750/TS_001/20260908_221750/requests/main/API-002_0.har</message>
  <nestedLevel>1</nestedLevel>
  <escapedJava>false</escapedJava>
  <property name="harId">9e9aaf87-1fe9-4e78-8fe2-4c55e40d0bff</property>
</record>
<record>
  <date>2026-09-08T15:17:53.548991Z</date>
  <millis>1788880673548</millis>
  <nanos>991000</nanos>
  <sequence>15</sequence>
  <level>INFO</level>
  <class>com.kms.katalon.core.logging.XmlKeywordLogger</class>
  <method>logMessage</method>
  <thread>1</thread>
  <message>cURL Command:
curl \
  --location \
  &amp;apos;https://jsonplaceholder.typicode.com//posts&amp;apos;</message>
  <nestedLevel>1</nestedLevel>
  <escapedJava>false</escapedJava>
  <property name="harId">9e9aaf87-1fe9-4e78-8fe2-4c55e40d0bff</property>
  <property name="curlCommand">curl --location &apos;https://jsonplaceholder.typicode.com//posts&apos;</property>
</record>
<record>
  <date>2026-09-08T15:17:53.572268Z</date>
  <millis>1788880673572</millis>
  <nanos>268000</nanos>
  <sequence>16</sequence>
  <level>PASSED</level>
  <class>com.kms.katalon.core.logging.XmlKeywordLogger</class>
  <method>logMessage</method>
  <thread>1</thread>
  <message>Send request successfully</message>
  <nestedLevel>1</nestedLevel>
  <escapedJava>false</escapedJava>
  <property name="testops-method-name">com.kms.katalon.core.webservice.keyword.builtin.SendRequestKeyword.sendRequest</property>
  <property name="testops-execution-stacktrace"></property>
</record>
<record>
  <date>2026-09-08T15:17:53.573010Z</date>
  <millis>1788880673573</millis>
  <nanos>10000</nanos>
  <sequence>17</sequence>
  <level>END</level>
  <class>com.kms.katalon.core.logging.XmlKeywordLogger</class>
  <method>endKeyword</method>
  <thread>1</thread>
  <message>End action : request = sendRequest(findTestObject(&amp;quot;Object Repository/API-002&amp;quot;))</message>
  <nestedLevel>1</nestedLevel>
  <escapedJava>false</escapedJava>
</record>
<record>
  <date>2026-09-08T15:17:53.573341Z</date>
  <millis>1788880673573</millis>
  <nanos>341000</nanos>
  <sequence>18</sequence>
  <level>START</level>
  <class>com.kms.katalon.core.logging.XmlKeywordLogger</class>
  <method>startKeyword</method>
  <thread>1</thread>
  <message>Start action : verifyResponseStatusCode(request, 200)</message>
  <nestedLevel>1</nestedLevel>
  <escapedJava>false</escapedJava>
  <property name="startLine">21</property>
  <property name="stepIndex">2</property>
</record>
<record>
  <date>2026-09-08T15:17:53.578693Z</date>
  <millis>1788880673578</millis>
  <nanos>693000</nanos>
  <sequence>21</sequence>
  <level>PASSED</level>
  <class>com.kms.katalon.core.logging.XmlKeywordLogger</class>
  <method>logMessage</method>
  <thread>1</thread>
  <message>Verify response status code successfully</message>
  <nestedLevel>1</nestedLevel>
  <escapedJava>false</escapedJava>
  <property name="testops-is-assertion">true</property>
  <property name="testops-method-name">com.kms.katalon.core.webservice.keyword.builtin.VerifyResponseStatusCodeKeyword.verifyResponseStatusCode</property>
  <property name="testops-execution-stacktrace"></property>
</record>
<record>
  <date>2026-09-08T15:17:53.578984Z</date>
  <millis>1788880673578</millis>
  <nanos>984000</nanos>
  <sequence>22</sequence>
  <level>END</level>
  <class>com.kms.katalon.core.logging.XmlKeywordLogger</class>
  <method>endKeyword</method>
  <thread>1</thread>
  <message>End action : verifyResponseStatusCode(request, 200)</message>
  <nestedLevel>1</nestedLevel>
  <escapedJava>false</escapedJava>
</record>
<record>
  <date>2026-09-08T15:17:53.579129Z</date>
  <millis>1788880673579</millis>
  <nanos>129000</nanos>
  <sequence>23</sequence>
  <level>PASSED</level>
  <class>com.kms.katalon.core.logging.XmlKeywordLogger</class>
  <method>logMessage</method>
  <thread>1</thread>
  <message>Test Cases/TC02_Consumer_GetPost</message>
  <nestedLevel>1</nestedLevel>
  <escapedJava>false</escapedJava>
</record>
<record>
  <date>2026-09-08T15:17:53.579554Z</date>
  <millis>1788880673579</millis>
  <nanos>554000</nanos>
  <sequence>24</sequence>
  <level>END</level>
  <class>com.kms.katalon.core.logging.XmlKeywordLogger</class>
  <method>endTest</method>
  <thread>1</thread>
  <message>End Test Case : Test Cases/TC02_Consumer_GetPost</message>
  <nestedLevel>0</nestedLevel>
  <escapedJava>false</escapedJava>
  <property name="executionBindingVariables">[]</property>
  <property name="applitools">false</property>
  <property name="executedKeywords">{
  &quot;WS.sendRequest&quot;: 1,
  &quot;WS.verifyResponseStatusCode&quot;: 1
}</property>
  <property name="keywordsUsage">{
  &quot;web_ui&quot;: false,
  &quot;web_service&quot;: true,
  &quot;cucumber&quot;: false,
  &quot;builtin&quot;: false,
  &quot;mobile&quot;: false,
  &quot;windows&quot;: false,
  &quot;testng&quot;: false
}</property>
</record>
<record>
  <date>2026-09-08T15:17:53.581470Z</date>
  <millis>1788880673581</millis>
  <nanos>470000</nanos>
  <sequence>25</sequence>
  <level>START</level>
  <class>com.kms.katalon.core.logging.XmlKeywordLogger</class>
  <method>startTest</method>
  <thread>1</thread>
  <message>Start Test Case : Test Cases/TC01_Producer_CreatePost</message>
  <nestedLevel>1</nestedLevel>
  <escapedJava>false</escapedJava>
  <property name="origin"></property>
  <property name="name">Test Cases/TC01_Producer_CreatePost</property>
  <property name="description"></property>
  <property name="iteration"></property>
  <property name="id">Test Cases/TC01_Producer_CreatePost</property>
  <property name="source">\Users\bahtiar\git\katalon-ifg-test\Test Cases\TC01_Producer_CreatePost.tc</property>
  <property name="tag"></property>
  <property name="isOptional">false</property>
  <property name="uuid">db2a1239-8e0b-4206-8f0d-92c75baad9df</property>
</record>
<record>
  <date>2026-09-08T15:17:53.585140Z</date>
  <millis>1788880673585</millis>
  <nanos>140000</nanos>
  <sequence>27</sequence>
  <level>RUN_DATA</level>
  <class>com.kms.katalon.core.logging.XmlKeywordLogger</class>
  <method>logMessage</method>
  <thread>1</thread>
  <message>executionBindingVariables = []</message>
  <nestedLevel>1</nestedLevel>
  <escapedJava>false</escapedJava>
  <property name="executionBindingVariables">[]</property>
</record>
<record>
  <date>2026-09-08T15:17:53.595260Z</date>
  <millis>1788880673595</millis>
  <nanos>260000</nanos>
  <sequence>28</sequence>
  <level>START</level>
  <class>com.kms.katalon.core.logging.XmlKeywordLogger</class>
  <method>startKeyword</method>
  <thread>1</thread>
  <message>Start action : request = sendRequest(findTestObject(&amp;quot;Object Repository/API-001&amp;quot;))</message>
  <nestedLevel>1</nestedLevel>
  <escapedJava>false</escapedJava>
  <property name="startLine">20</property>
  <property name="stepIndex">1</property>
</record>
<record>
  <date>2026-09-08T15:17:54.150146Z</date>
  <millis>1788880674150</millis>
  <nanos>146000</nanos>
  <sequence>32</sequence>
  <level>INFO</level>
  <class>com.kms.katalon.core.logging.XmlKeywordLogger</class>
  <method>logMessage</method>
  <thread>1</thread>
  <message>HAR: /Users/bahtiar/git/katalon-ifg-test/Reports/20260908_221750/TS_001/20260908_221750/requests/main/API-001_1.har</message>
  <nestedLevel>1</nestedLevel>
  <escapedJava>false</escapedJava>
  <property name="harId">cf4d2de8-cda7-4402-8e97-ce8c7bbbe421</property>
</record>
<record>
  <date>2026-09-08T15:17:54.151412Z</date>
  <millis>1788880674151</millis>
  <nanos>412000</nanos>
  <sequence>33</sequence>
  <level>INFO</level>
  <class>com.kms.katalon.core.logging.XmlKeywordLogger</class>
  <method>logMessage</method>
  <thread>1</thread>
  <message>cURL Command:
curl \
  --location \
  --request POST \
  &amp;apos;https://jsonplaceholder.typicode.com//posts&amp;apos;</message>
  <nestedLevel>1</nestedLevel>
  <escapedJava>false</escapedJava>
  <property name="harId">cf4d2de8-cda7-4402-8e97-ce8c7bbbe421</property>
  <property name="curlCommand">curl --location --request POST &apos;https://jsonplaceholder.typicode.com//posts&apos;</property>
</record>
<record>
  <date>2026-09-08T15:17:54.154826Z</date>
  <millis>1788880674154</millis>
  <nanos>826000</nanos>
  <sequence>34</sequence>
  <level>PASSED</level>
  <class>com.kms.katalon.core.logging.XmlKeywordLogger</class>
  <method>logMessage</method>
  <thread>1</thread>
  <message>Send request successfully</message>
  <nestedLevel>1</nestedLevel>
  <escapedJava>false</escapedJava>
  <property name="testops-method-name">com.kms.katalon.core.webservice.keyword.builtin.SendRequestKeyword.sendRequest</property>
  <property name="testops-execution-stacktrace"></property>
</record>
<record>
  <date>2026-09-08T15:17:54.157124Z</date>
  <millis>1788880674157</millis>
  <nanos>124000</nanos>
  <sequence>35</sequence>
  <level>END</level>
  <class>com.kms.katalon.core.logging.XmlKeywordLogger</class>
  <method>endKeyword</method>
  <thread>1</thread>
  <message>End action : request = sendRequest(findTestObject(&amp;quot;Object Repository/API-001&amp;quot;))</message>
  <nestedLevel>1</nestedLevel>
  <escapedJava>false</escapedJava>
</record>
<record>
  <date>2026-09-08T15:17:54.157963Z</date>
  <millis>1788880674157</millis>
  <nanos>963000</nanos>
  <sequence>36</sequence>
  <level>START</level>
  <class>com.kms.katalon.core.logging.XmlKeywordLogger</class>
  <method>startKeyword</method>
  <thread>1</thread>
  <message>Start action : verifyResponseStatusCode(request, 201)</message>
  <nestedLevel>1</nestedLevel>
  <escapedJava>false</escapedJava>
  <property name="startLine">21</property>
  <property name="stepIndex">2</property>
</record>
<record>
  <date>2026-09-08T15:17:54.161112Z</date>
  <millis>1788880674161</millis>
  <nanos>112000</nanos>
  <sequence>39</sequence>
  <level>PASSED</level>
  <class>com.kms.katalon.core.logging.XmlKeywordLogger</class>
  <method>logMessage</method>
  <thread>1</thread>
  <message>Verify response status code successfully</message>
  <nestedLevel>1</nestedLevel>
  <escapedJava>false</escapedJava>
  <property name="testops-is-assertion">true</property>
  <property name="testops-method-name">com.kms.katalon.core.webservice.keyword.builtin.VerifyResponseStatusCodeKeyword.verifyResponseStatusCode</property>
  <property name="testops-execution-stacktrace"></property>
</record>
<record>
  <date>2026-09-08T15:17:54.161665Z</date>
  <millis>1788880674161</millis>
  <nanos>665000</nanos>
  <sequence>40</sequence>
  <level>END</level>
  <class>com.kms.katalon.core.logging.XmlKeywordLogger</class>
  <method>endKeyword</method>
  <thread>1</thread>
  <message>End action : verifyResponseStatusCode(request, 201)</message>
  <nestedLevel>1</nestedLevel>
  <escapedJava>false</escapedJava>
</record>
<record>
  <date>2026-09-08T15:17:54.162027Z</date>
  <millis>1788880674162</millis>
  <nanos>27000</nanos>
  <sequence>41</sequence>
  <level>PASSED</level>
  <class>com.kms.katalon.core.logging.XmlKeywordLogger</class>
  <method>logMessage</method>
  <thread>1</thread>
  <message>Test Cases/TC01_Producer_CreatePost</message>
  <nestedLevel>1</nestedLevel>
  <escapedJava>false</escapedJava>
</record>
<record>
  <date>2026-09-08T15:17:54.162965Z</date>
  <millis>1788880674162</millis>
  <nanos>965000</nanos>
  <sequence>42</sequence>
  <level>END</level>
  <class>com.kms.katalon.core.logging.XmlKeywordLogger</class>
  <method>endTest</method>
  <thread>1</thread>
  <message>End Test Case : Test Cases/TC01_Producer_CreatePost</message>
  <nestedLevel>0</nestedLevel>
  <escapedJava>false</escapedJava>
  <property name="executionBindingVariables">[]</property>
  <property name="applitools">false</property>
  <property name="executedKeywords">{
  &quot;WS.sendRequest&quot;: 1,
  &quot;WS.verifyResponseStatusCode&quot;: 1
}</property>
  <property name="keywordsUsage">{
  &quot;web_ui&quot;: false,
  &quot;web_service&quot;: true,
  &quot;cucumber&quot;: false,
  &quot;builtin&quot;: false,
  &quot;mobile&quot;: false,
  &quot;windows&quot;: false,
  &quot;testng&quot;: false
}</property>
</record>
<record>
  <date>2026-09-08T15:17:54.187019Z</date>
  <millis>1788880674187</millis>
  <nanos>19000</nanos>
  <sequence>43</sequence>
  <level>END</level>
  <class>com.kms.katalon.core.logging.XmlKeywordLogger</class>
  <method>endSuite</method>
  <thread>1</thread>
  <message>End Test Suite : Test Suites/TS_001</message>
  <nestedLevel>0</nestedLevel>
  <escapedJava>false</escapedJava>
</record>
</log>
<?xml version="1.0" encoding="UTF-8" standalone="no"?>
<!DOCTYPE log SYSTEM "logger.dtd">
<log>
<record>
  <date>2026-09-08T15:31:51.415032Z</date>
  <millis>1788881511415</millis>
  <nanos>32000</nanos>
  <sequence>7249</sequence>
  <level>INFO</level>
  <class>com.kms.katalon.core.logging.XmlKeywordLogger</class>
  <method>logMessage</method>
  <thread>22179</thread>
  <message>HAR: /var/folders/36/0zlg_vl96yj34_v7h0vsd5dh0000gp/T/har12108202131781174802/requests/ModalContext/API-002_6.har</message>
  <nestedLevel>0</nestedLevel>
  <escapedJava>false</escapedJava>
  <property name="harId">de92a2c4-efb2-4059-bce6-697088033991</property>
</record>
<record>
  <date>2026-09-08T15:31:51.415747Z</date>
  <millis>1788881511415</millis>
  <nanos>747000</nanos>
  <sequence>7250</sequence>
  <level>INFO</level>
  <class>com.kms.katalon.core.logging.XmlKeywordLogger</class>
  <method>logMessage</method>
  <thread>22179</thread>
  <message>cURL Command:
curl \
  --location \
  &amp;apos;https://jsonplaceholder.typicode.com//posts/1&amp;apos;</message>
  <nestedLevel>0</nestedLevel>
  <escapedJava>false</escapedJava>
  <property name="harId">de92a2c4-efb2-4059-bce6-697088033991</property>
  <property name="curlCommand">curl --location &apos;https://jsonplaceholder.typicode.com//posts/1&apos;</property>
</record>
